// Jest Snapshot v1, https://goo.gl/fbAQLP

exports[`renders correctly 1`] = `
<div>
  <div
    class="sc-bdfBwQ jDXXXp"
  >
    Hello foo-boo!!
  </div>
</div>
`;
